// Jest Snapshot v1, https://goo.gl/fbAQLP

exports[`renders correctly 1`] = `
<View>
  <View
    style={
      Object {
        "backgroundColor": "transparent",
        "borderColor": "transparent",
        "borderRadius": 4,
        "borderStyle": "solid",
        "borderWidth": 0,
        "elevation": 0,
        "minWidth": 64,
      }
    }
  >
    <View
      accessibilityRole="button"
      accessibilityState={
        Object {
          "disabled": undefined,
        }
      }
      accessible={true}
      focusable={true}
      onClick={[Function]}
      onResponderGrant={[Function]}
      onResponderMove={[Function]}
      onResponderRelease={[Function]}
      onResponderTerminate={[Function]}
      onResponderTerminationRequest={[Function]}
      onStartShouldSetResponder={[Function]}
      style={
        Array [
          Object {
            "overflow": "hidden",
          },
          Object {
            "borderRadius": 4,
          },
        ]
      }
    >
      <View
        style={
          Array [
            Object {
              "alignItems": "center",
              "flexDirection": "row",
              "justifyContent": "center",
            },
            undefined,
          ]
        }
      >
        <View
          style={
            Object {
              "marginLeft": 12,
              "marginRight": -4,
            }
          }
        >
          <Text
            accessibilityElementsHidden={true}
            allowFontScaling={false}
            importantForAccessibility="no-hide-descendants"
            pointerEvents="none"
            selectable={false}
            style={
              Array [
                Object {
                  "color": "#6200ee",
                  "fontSize": 16,
                },
                Array [
                  Object {
                    "lineHeight": 16,
                    "transform": Array [
                      Object {
                        "scaleX": 1,
                      },
                    ],
                  },
                  Object {
                    "backgroundColor": "transparent",
                  },
                ],
                Object {
                  "fontFamily": "Material Design Icons",
                  "fontStyle": "normal",
                  "fontWeight": "normal",
                },
                Object {},
              ]
            }
          >
            ó°„€
          </Text>
        </View>
        <Text
          numberOfLines={1}
          selectable={false}
          style={
            Array [
              Object {
                "color": "#000000",
                "fontFamily": "System",
                "fontWeight": "400",
              },
              Object {
                "textAlign": "left",
              },
              Array [
                Object {
                  "letterSpacing": 1,
                  "marginHorizontal": 16,
                  "marginVertical": 9,
                  "textAlign": "center",
                },
                undefined,
                Object {
                  "textTransform": "uppercase",
                },
                Object {
                  "color": "#6200ee",
                  "fontFamily": "System",
                  "fontWeight": "500",
                },
                Object {
                  "fontFamily": "System",
                  "fontWeight": "500",
                },
                undefined,
              ],
            ]
          }
        >
          Un-Save
        </Text>
      </View>
    </View>
  </View>
</View>
`;
